Added Component: Designator=C?(CAPPRD750W80D1600H2000)
Add component (AddParameter): Name = "Availability"; Value = "In Stock"; VariantName = "[No Variations]"
Add component (AddParameter): Name = "Check_prices"; Value = "https://www.snapeda.com/parts/EEU-FS1J681S/Panasonic/view-part/5562022/?ref=eda"; VariantName = "[No Variations]"
Add component (AddParameter): Name = "MF"; Value = "Panasonic Electronic Components"; VariantName = "[No Variations]"
Add component (AddParameter): Name = "MP"; Value = "EEU-FS1J681S"; VariantName = "[No Variations]"
Add component (AddParameter): Name = "Package"; Value = "RADIAL-2 Panasonic"; VariantName = "[No Variations]"
Add component (AddParameter): Name = "Price"; Value = "None"; VariantName = "[No Variations]"
Add component (AddParameter): Name = "SnapEDA_Link"; Value = "https://www.snapeda.com/parts/EEU-FS1J681S/Panasonic/view-part/5562022/?ref=snap"; VariantName = "[No Variations]"
Add component (AddParameter): Name = "Value"; Value = ""; VariantName = "[No Variations]"
Added Component: Designator=C?(CAPPRD750W80D1600H2000)
Add component (AddParameter): Name = "Availability"; Value = "In Stock"; VariantName = "[No Variations]"
Add component (AddParameter): Name = "Check_prices"; Value = "https://www.snapeda.com/parts/EEU-FS1J681S/Panasonic/view-part/5562022/?ref=eda"; VariantName = "[No Variations]"
Add component (AddParameter): Name = "MF"; Value = "Panasonic Electronic Components"; VariantName = "[No Variations]"
Add component (AddParameter): Name = "MP"; Value = "EEU-FS1J681S"; VariantName = "[No Variations]"
Add component (AddParameter): Name = "Package"; Value = "RADIAL-2 Panasonic"; VariantName = "[No Variations]"
Add component (AddParameter): Name = "Price"; Value = "None"; VariantName = "[No Variations]"
Add component (AddParameter): Name = "SnapEDA_Link"; Value = "https://www.snapeda.com/parts/EEU-FS1J681S/Panasonic/view-part/5562022/?ref=snap"; VariantName = "[No Variations]"
Add component (AddParameter): Name = "Value"; Value = ""; VariantName = "[No Variations]"
Added Component: Designator=DS?(IC_DS18B20+)
Add component (AddParameter): Name = "Check_prices"; Value = "https://www.snapeda.com/parts/DS18B20+/Analog+Devices/view-part/?ref=eda"; VariantName = "[No Variations]"
Add component (AddParameter): Name = "MF"; Value = "Analog Devices"; VariantName = "[No Variations]"
Add component (AddParameter): Name = "MP"; Value = "DS18B20+"; VariantName = "[No Variations]"
Add component (AddParameter): Name = "Package"; Value = "TO-226-3 Maxim"; VariantName = "[No Variations]"
Add component (AddParameter): Name = "SnapEDA_Link"; Value = "https://www.snapeda.com/parts/DS18B20+/Analog+Devices/view-part/?ref=snap"; VariantName = "[No Variations]"
Add component (AddParameter): Name = "Value"; Value = ""; VariantName = "[No Variations]"
Added Component: Designator=DS?(IC_DS18B20+)
Add component (AddParameter): Name = "Check_prices"; Value = "https://www.snapeda.com/parts/DS18B20+/Analog+Devices/view-part/?ref=eda"; VariantName = "[No Variations]"
Add component (AddParameter): Name = "MF"; Value = "Analog Devices"; VariantName = "[No Variations]"
Add component (AddParameter): Name = "MP"; Value = "DS18B20+"; VariantName = "[No Variations]"
Add component (AddParameter): Name = "Package"; Value = "TO-226-3 Maxim"; VariantName = "[No Variations]"
Add component (AddParameter): Name = "SnapEDA_Link"; Value = "https://www.snapeda.com/parts/DS18B20+/Analog+Devices/view-part/?ref=snap"; VariantName = "[No Variations]"
Add component (AddParameter): Name = "Value"; Value = ""; VariantName = "[No Variations]"
Added Component: Designator=DS?(IC_DS18B20+)
Add component (AddParameter): Name = "Check_prices"; Value = "https://www.snapeda.com/parts/DS18B20+/Analog+Devices/view-part/?ref=eda"; VariantName = "[No Variations]"
Add component (AddParameter): Name = "MF"; Value = "Analog Devices"; VariantName = "[No Variations]"
Add component (AddParameter): Name = "MP"; Value = "DS18B20+"; VariantName = "[No Variations]"
Add component (AddParameter): Name = "Package"; Value = "TO-226-3 Maxim"; VariantName = "[No Variations]"
Add component (AddParameter): Name = "SnapEDA_Link"; Value = "https://www.snapeda.com/parts/DS18B20+/Analog+Devices/view-part/?ref=snap"; VariantName = "[No Variations]"
Add component (AddParameter): Name = "Value"; Value = ""; VariantName = "[No Variations]"
Added Component: Designator=DS?(IC_DS18B20+)
Add component (AddParameter): Name = "Check_prices"; Value = "https://www.snapeda.com/parts/DS18B20+/Analog+Devices/view-part/?ref=eda"; VariantName = "[No Variations]"
Add component (AddParameter): Name = "MF"; Value = "Analog Devices"; VariantName = "[No Variations]"
Add component (AddParameter): Name = "MP"; Value = "DS18B20+"; VariantName = "[No Variations]"
Add component (AddParameter): Name = "Package"; Value = "TO-226-3 Maxim"; VariantName = "[No Variations]"
Add component (AddParameter): Name = "SnapEDA_Link"; Value = "https://www.snapeda.com/parts/DS18B20+/Analog+Devices/view-part/?ref=snap"; VariantName = "[No Variations]"
Add component (AddParameter): Name = "Value"; Value = ""; VariantName = "[No Variations]"
Added Component: Designator=DS?(IC_DS18B20+)
Add component (AddParameter): Name = "Check_prices"; Value = "https://www.snapeda.com/parts/DS18B20+/Analog+Devices/view-part/?ref=eda"; VariantName = "[No Variations]"
Add component (AddParameter): Name = "MF"; Value = "Analog Devices"; VariantName = "[No Variations]"
Add component (AddParameter): Name = "MP"; Value = "DS18B20+"; VariantName = "[No Variations]"
Add component (AddParameter): Name = "Package"; Value = "TO-226-3 Maxim"; VariantName = "[No Variations]"
Add component (AddParameter): Name = "SnapEDA_Link"; Value = "https://www.snapeda.com/parts/DS18B20+/Analog+Devices/view-part/?ref=snap"; VariantName = "[No Variations]"
Add component (AddParameter): Name = "Value"; Value = ""; VariantName = "[No Variations]"
Added Component: Designator=DS?(IC_DS18B20+)
Add component (AddParameter): Name = "Check_prices"; Value = "https://www.snapeda.com/parts/DS18B20+/Analog+Devices/view-part/?ref=eda"; VariantName = "[No Variations]"
Add component (AddParameter): Name = "MF"; Value = "Analog Devices"; VariantName = "[No Variations]"
Add component (AddParameter): Name = "MP"; Value = "DS18B20+"; VariantName = "[No Variations]"
Add component (AddParameter): Name = "Package"; Value = "TO-226-3 Maxim"; VariantName = "[No Variations]"
Add component (AddParameter): Name = "SnapEDA_Link"; Value = "https://www.snapeda.com/parts/DS18B20+/Analog+Devices/view-part/?ref=snap"; VariantName = "[No Variations]"
Add component (AddParameter): Name = "Value"; Value = ""; VariantName = "[No Variations]"
Added Component: Designator=DS?(IC_DS18B20+)
Add component (AddParameter): Name = "Check_prices"; Value = "https://www.snapeda.com/parts/DS18B20+/Analog+Devices/view-part/?ref=eda"; VariantName = "[No Variations]"
Add component (AddParameter): Name = "MF"; Value = "Analog Devices"; VariantName = "[No Variations]"
Add component (AddParameter): Name = "MP"; Value = "DS18B20+"; VariantName = "[No Variations]"
Add component (AddParameter): Name = "Package"; Value = "TO-226-3 Maxim"; VariantName = "[No Variations]"
Add component (AddParameter): Name = "SnapEDA_Link"; Value = "https://www.snapeda.com/parts/DS18B20+/Analog+Devices/view-part/?ref=snap"; VariantName = "[No Variations]"
Add component (AddParameter): Name = "Value"; Value = ""; VariantName = "[No Variations]"
Added Component: Designator=DS?(IC_DS18B20+)
Add component (AddParameter): Name = "Check_prices"; Value = "https://www.snapeda.com/parts/DS18B20+/Analog+Devices/view-part/?ref=eda"; VariantName = "[No Variations]"
Add component (AddParameter): Name = "MF"; Value = "Analog Devices"; VariantName = "[No Variations]"
Add component (AddParameter): Name = "MP"; Value = "DS18B20+"; VariantName = "[No Variations]"
Add component (AddParameter): Name = "Package"; Value = "TO-226-3 Maxim"; VariantName = "[No Variations]"
Add component (AddParameter): Name = "SnapEDA_Link"; Value = "https://www.snapeda.com/parts/DS18B20+/Analog+Devices/view-part/?ref=snap"; VariantName = "[No Variations]"
Add component (AddParameter): Name = "Value"; Value = ""; VariantName = "[No Variations]"
Added Component: Designator=J?(JST_B10B-PH-K-S)
Add component (AddParameter): Name = "Check_prices"; Value = "https://www.snapeda.com/parts/B10B-PH-K-S/JST/view-part/?ref=eda"; VariantName = "[No Variations]"
Add component (AddParameter): Name = "MF"; Value = "JST Sales America Inc."; VariantName = "[No Variations]"
Add component (AddParameter): Name = "MP"; Value = "B10B-PH-K-S"; VariantName = "[No Variations]"
Add component (AddParameter): Name = "Package"; Value = "None"; VariantName = "[No Variations]"
Add component (AddParameter): Name = "SnapEDA_Link"; Value = "https://www.snapeda.com/parts/B10B-PH-K-S/JST/view-part/?ref=snap"; VariantName = "[No Variations]"
Add component (AddParameter): Name = "Value"; Value = ""; VariantName = "[No Variations]"
Added Component: Designator=J?(JST_B10B-PH-K-S)
Add component (AddParameter): Name = "Check_prices"; Value = "https://www.snapeda.com/parts/B10B-PH-K-S/JST/view-part/?ref=eda"; VariantName = "[No Variations]"
Add component (AddParameter): Name = "MF"; Value = "JST Sales America Inc."; VariantName = "[No Variations]"
Add component (AddParameter): Name = "MP"; Value = "B10B-PH-K-S"; VariantName = "[No Variations]"
Add component (AddParameter): Name = "Package"; Value = "None"; VariantName = "[No Variations]"
Add component (AddParameter): Name = "SnapEDA_Link"; Value = "https://www.snapeda.com/parts/B10B-PH-K-S/JST/view-part/?ref=snap"; VariantName = "[No Variations]"
Add component (AddParameter): Name = "Value"; Value = ""; VariantName = "[No Variations]"
Added Component: Designator=Q?(TO254P450X1020X1935-3P)
Add component (AddParameter): Name = "Check_prices"; Value = "https://www.snapeda.com/parts/L7905CV/STMicroelectronics/view-part/?ref=eda"; VariantName = "[No Variations]"
Add component (AddParameter): Name = "MF"; Value = "STMicroelectronics"; VariantName = "[No Variations]"
Add component (AddParameter): Name = "MP"; Value = "L7905CV"; VariantName = "[No Variations]"
Add component (AddParameter): Name = "Package"; Value = "TO-220-3 STMicroelectronics"; VariantName = "[No Variations]"
Add component (AddParameter): Name = "SnapEDA_Link"; Value = "https://www.snapeda.com/parts/L7905CV/STMicroelectronics/view-part/?ref=snap"; VariantName = "[No Variations]"
Add component (AddParameter): Name = "Value"; Value = ""; VariantName = "[No Variations]"
Added Component: Designator=TP?(Testpoint)
Added Component: Designator=TP?(Testpoint)
Added Component: Designator=TP?(Testpoint)
Added Component: Designator=TP?(Testpoint)
Added Component: Designator=TP?(Testpoint)
Added Component: Designator=TP?(Testpoint)
Added Component: Designator=TP?(Testpoint)
Added Component: Designator=TP?(Testpoint)
Added Component: Designator=TP?(Testpoint)
Added Component: Designator=TP?(Testpoint)
Added Component: Designator=TP?(Testpoint)
Added Component: Designator=TP?(Testpoint)
Added Component: Designator=TP?(Testpoint)
Added Component: Designator=TP?(Testpoint)
Added Component: Designator=TP?(Testpoint)
Added Component: Designator=TP?(Testpoint)
Added Component: Designator=TP?(Testpoint)
Added Component: Designator=TP?(Testpoint)
Added Component: Designator=TP?(Testpoint)
Added Component: Designator=TP?(Testpoint)
Added Component: Designator=TP?(Testpoint)
Added Component: Designator=TP?(Testpoint)
Added Component: Designator=TP?(Testpoint)
Added Component: Designator=TP?(Testpoint)
Added Component: Designator=TP?(Testpoint)
Added Component: Designator=U?(MODULE_OC09600)
Add component (AddParameter): Name = "Check_prices"; Value = "https://www.snapeda.com/parts/OC09600/YKS/view-part/?ref=eda"; VariantName = "[No Variations]"
Add component (AddParameter): Name = "MF"; Value = "YKS"; VariantName = "[No Variations]"
Add component (AddParameter): Name = "MP"; Value = "OC09600"; VariantName = "[No Variations]"
Add component (AddParameter): Name = "Package"; Value = "None"; VariantName = "[No Variations]"
Add component (AddParameter): Name = "SnapEDA_Link"; Value = "https://www.snapeda.com/parts/OC09600/YKS/view-part/?ref=snap"; VariantName = "[No Variations]"
Add component (AddParameter): Name = "Value"; Value = ""; VariantName = "[No Variations]"
Added Component: Designator=U?(SOIC127P600X175-16N)
Add component (AddParameter): Name = "Check_prices"; Value = "https://www.snapeda.com/parts/MCP3008T-I/SL/Microchip/view-part/?ref=eda"; VariantName = "[No Variations]"
Add component (AddParameter): Name = "MF"; Value = "Microchip Technology"; VariantName = "[No Variations]"
Add component (AddParameter): Name = "MP"; Value = "MCP3008T-I/SL"; VariantName = "[No Variations]"
Add component (AddParameter): Name = "Package"; Value = "SOIC-16 Microchip"; VariantName = "[No Variations]"
Add component (AddParameter): Name = "SnapEDA_Link"; Value = "https://www.snapeda.com/parts/MCP3008T-I/SL/Microchip/view-part/?ref=snap"; VariantName = "[No Variations]"
Add component (AddParameter): Name = "Value"; Value = ""; VariantName = "[No Variations]"
Added Component: Designator=U?(MODULE_RASPBERRY_PI_3_MODEL_B+)
Add component (AddParameter): Name = "Availability"; Value = "In Stock"; VariantName = "[No Variations]"
Add component (AddParameter): Name = "Check_prices"; Value = "https://www.snapeda.com/parts/RASPBERRY%20PI%203%20MODEL%20B+/Raspberry+Pi/view-part/?ref=eda"; VariantName = "[No Variations]"
Add component (AddParameter): Name = "MF"; Value = "Raspberry Pi"; VariantName = "[No Variations]"
Add component (AddParameter): Name = "MP"; Value = "RASPBERRY PI 3 MODEL B+"; VariantName = "[No Variations]"
Add component (AddParameter): Name = "Package"; Value = "Raspberry Pi"; VariantName = "[No Variations]"
Add component (AddParameter): Name = "Price"; Value = "None"; VariantName = "[No Variations]"
Add component (AddParameter): Name = "Purchase-URL"; Value = "https://pricing.snapeda.com/search/part/RASPBERRY PI 3 MODEL B+/?ref=eda"; VariantName = "[No Variations]"
Add component (AddParameter): Name = "SnapEDA_Link"; Value = "https://www.snapeda.com/parts/RASPBERRY%20PI%203%20MODEL%20B+/Raspberry+Pi/view-part/?ref=snap"; VariantName = "[No Variations]"
Add component (AddParameter): Name = "Value"; Value = ""; VariantName = "[No Variations]"
Added Component: Designator=U?(XCVR_NEO-6M-GPS)
Add component (AddParameter): Name = "Availability"; Value = "Not in stock"; VariantName = "[No Variations]"
Add component (AddParameter): Name = "Check_prices"; Value = "https://www.snapeda.com/parts/NEO-6M-GPS/u-blox/view-part/?ref=eda"; VariantName = "[No Variations]"
Add component (AddParameter): Name = "MF"; Value = "u-blox"; VariantName = "[No Variations]"
Add component (AddParameter): Name = "MP"; Value = "NEO-6M-GPS"; VariantName = "[No Variations]"
Add component (AddParameter): Name = "Package"; Value = "None"; VariantName = "[No Variations]"
Add component (AddParameter): Name = "Price"; Value = "None"; VariantName = "[No Variations]"
Add component (AddParameter): Name = "SnapEDA_Link"; Value = "https://www.snapeda.com/parts/NEO-6M-GPS/u-blox/view-part/?ref=snap"; VariantName = "[No Variations]"
Add component (AddParameter): Name = "Value"; Value = ""; VariantName = "[No Variations]"
Added Pin To Net: NetName=5V Pin=C?-P
Added Pin To Net: NetName=5V Pin=C?-P
Added Pin To Net: NetName=5V Pin=Q?-1
Added Net: Name=5V
Added Pin To Net: NetName=GND Pin=C?-N
Added Pin To Net: NetName=GND Pin=C?-N
Added Pin To Net: NetName=GND Pin=DS?-1
Added Pin To Net: NetName=GND Pin=DS?-1
Added Pin To Net: NetName=GND Pin=DS?-1
Added Pin To Net: NetName=GND Pin=DS?-1
Added Pin To Net: NetName=GND Pin=DS?-1
Added Pin To Net: NetName=GND Pin=DS?-1
Added Pin To Net: NetName=GND Pin=DS?-1
Added Pin To Net: NetName=GND Pin=DS?-1
Added Pin To Net: NetName=GND Pin=J?-1
Added Pin To Net: NetName=GND Pin=J?-1
Added Pin To Net: NetName=GND Pin=J?-10
Added Pin To Net: NetName=GND Pin=J?-10
Added Pin To Net: NetName=GND Pin=Q?-2
Added Pin To Net: NetName=GND Pin=Q?-3
Added Pin To Net: NetName=GND Pin=U?-6
Added Pin To Net: NetName=GND Pin=U?-9
Added Pin To Net: NetName=GND Pin=U?-10
Added Pin To Net: NetName=GND Pin=U?-12
Added Pin To Net: NetName=GND Pin=U?-13
Added Pin To Net: NetName=GND Pin=U?-14
Added Pin To Net: NetName=GND Pin=U?-20
Added Pin To Net: NetName=GND Pin=U?-24
Added Pin To Net: NetName=GND Pin=U?-25
Added Pin To Net: NetName=GND Pin=U?-30
Added Pin To Net: NetName=GND Pin=U?-34
Added Pin To Net: NetName=GND Pin=U?-39
Added Pin To Net: NetName=GND Pin=U?-GND
Added Net: Name=GND
Added Pin To Net: NetName=NetDS?_3 Pin=DS?-3
Added Pin To Net: NetName=NetDS?_3 Pin=DS?-3
Added Pin To Net: NetName=NetDS?_3 Pin=DS?-3
Added Pin To Net: NetName=NetDS?_3 Pin=DS?-3
Added Pin To Net: NetName=NetDS?_3 Pin=DS?-3
Added Pin To Net: NetName=NetDS?_3 Pin=DS?-3
Added Pin To Net: NetName=NetDS?_3 Pin=DS?-3
Added Pin To Net: NetName=NetDS?_3 Pin=DS?-3
Added Net: Name=NetDS?_3
Added Pin To Net: NetName=NetJ?_2 Pin=J?-2
Added Net: Name=NetJ?_2
Added Pin To Net: NetName=NetJ?_3 Pin=J?-3
Added Net: Name=NetJ?_3
Added Pin To Net: NetName=NetJ?_4 Pin=J?-4
Added Net: Name=NetJ?_4
Added Pin To Net: NetName=NetJ?_5 Pin=J?-5
Added Net: Name=NetJ?_5
Added Pin To Net: NetName=NetJ?_6 Pin=J?-6
Added Net: Name=NetJ?_6
Added Pin To Net: NetName=NetJ?_7 Pin=J?-7
Added Net: Name=NetJ?_7
Added Pin To Net: NetName=NetJ?_8 Pin=J?-8
Added Net: Name=NetJ?_8
Added Pin To Net: NetName=NetJ?_9 Pin=J?-9
Added Net: Name=NetJ?_9
Added Pin To Net: NetName=NetTP?_1 Pin=U?-8
Added Net: Name=NetTP?_1
Add Net: Net with name "NetTP?_1" already exists
Add Net: Net with name "NetTP?_1" already exists
Add Net: Net with name "NetTP?_1" already exists
Add Net: Net with name "NetTP?_1" already exists
Add Net: Net with name "NetTP?_1" already exists
Add Net: Net with name "NetTP?_1" already exists
Add Net: Net with name "NetTP?_1" already exists
Add Net: Net with name "NetTP?_1" already exists
Add Net: Net with name "NetTP?_1" already exists
Added Pin To Net: NetName=temp_1 Pin=DS?-2
Added Pin To Net: NetName=temp_1 Pin=J?-2
Added Net: Name=temp_1
Added Pin To Net: NetName=temp_2 Pin=DS?-2
Added Pin To Net: NetName=temp_2 Pin=J?-3
Added Net: Name=temp_2
Added Pin To Net: NetName=temp_3 Pin=DS?-2
Added Pin To Net: NetName=temp_3 Pin=J?-4
Added Net: Name=temp_3
Added Pin To Net: NetName=temp_4 Pin=DS?-2
Added Pin To Net: NetName=temp_4 Pin=J?-5
Added Net: Name=temp_4
Added Pin To Net: NetName=temp_5 Pin=DS?-2
Added Pin To Net: NetName=temp_5 Pin=J?-6
Added Net: Name=temp_5
Added Pin To Net: NetName=temp_6 Pin=DS?-2
Added Pin To Net: NetName=temp_6 Pin=J?-7
Added Net: Name=temp_6
Added Pin To Net: NetName=temp_7 Pin=DS?-2
Added Pin To Net: NetName=temp_7 Pin=J?-8
Added Net: Name=temp_7
Added Pin To Net: NetName=temp_8 Pin=DS?-2
Added Pin To Net: NetName=temp_8 Pin=J?-9
Added Net: Name=temp_8
Added Class: Name=Sheet1
Added Rule: Name=Schematic Supply Nets
